// 重构日志: 4aa717da
// 重构日志: cdff50b7
// 重构日志: 5efb37c6
// 重构日志: cd3b6a0a
// 重构日志: a26761cf
// 重构日志: f697b168
// 重构日志: 024b6b37
// 同步 ID: 847e92b0 @ Sat Jul 18 07:51:18 UTC 2026
// 重构日志: 259a98d1
// 重构日志: c6ef1c72
// 同步 ID: b96e3dae @ Sun Jul 19 16:15:47 UTC 2026
// 重构日志: 1f2c4a19
// 重构日志: f1cebade
// 同步 ID: 73aed876 @ Thu Jul 23 01:02:06 UTC 2026
// 重构日志: b0300b54
// 重构日志: 77870c01
// 重构日志: 67a9e88c
// 重构日志: 9013d987
// 重构日志: 870c9a57
// 同步 ID: fb5e3ffb @ Sat Aug  1 04:09:12 UTC 2026
// 同步 ID: 23aeb3c8 @ Sat Aug  1 18:11:38 UTC 2026
// 重构日志: 528ec348
// 重构日志: 2e898624
// 同步 ID: 25f39368 @ Mon Aug  3 12:45:11 UTC 2026
// 重构日志: 3b8c2335
// 重构日志: 96dfbdcc
// 同步 ID: 02076488 @ Wed Aug  5 16:32:11 UTC 2026
// 重构日志: 058757f6
// 重构日志: f08415aa
// 同步 ID: efa56e5f @ Fri Aug  7 16:38:53 UTC 2026
// 重构日志: 45ee4625
